(base) moriryuunosuke@moriryuunosukenoMacBook-Pro ~ % mkdir git_challenge
(base) moriryuunosuke@moriryuunosukenoMacBook-Pro ~ % cd git_challenge
(base) moriryuunosuke@moriryuunosukenoMacBook-Pro git_challenge % git init
Initialized empty Git repository in /Users/moriryuunosuke/git_challenge/.git/
(base) moriryuunosuke@moriryuunosukenoMacBook-Pro git_challenge % touch hello_world.txt
(base) moriryuunosuke@moriryuunosukenoMacBook-Pro git_challenge % git add hello_world.txt
(base) moriryuunosuke@moriryuunosukenoMacBook-Pro git_challenge % git commit -m "hello_world.txtを追加"
[main (root-commit) 33c2a7d] hello_world.txtを追加
 1 file changed, 1 insertion(+)
 create mode 100644 hello_world.txt
(base) moriryuunosuke@moriryuunosukenoMacBook-Pro git_challenge % git add hello_world.txt
(base) moriryuunosuke@moriryuunosukenoMacBook-Pro git_challenge % git commit -m "日本語訳を追加"
[main 4de6c85] 日本語訳を追加
 1 file changed, 2 insertions(+), 1 deletion(-)
(base) moriryuunosuke@moriryuunosukenoMacBook-Pro git_challenge % git log --oneline
4de6c85 (HEAD -> main) 日本語訳を追加
33c2a7d hello_world.txtを追加